// Jest Snapshot v1, https://goo.gl/fbAQLP

exports[`<Banner /> should render the banner 1`] = `
<div
  class="relative md:shadow-md"
>
  <img
    alt="Banner Title"
    aria-label="Banner Title"
    class="bg-light-gray h-[14.375rem] w-full object-cover object-center md:h-[36.25rem]"
    data-nimg="1"
    decoding="async"
    height="480"
    loading="lazy"
    role="img"
    src="/_next/image?url=https%3A%2F%2Fimages.unsplash.com%2Fphoto-1741893041975-94a0e8656209%3Fq%3D80%26w%3D1742%26auto%3Dformat%26fit%3Dcrop%26ixlib%3Drb-4.0.3%26ixid%3DM3wxMjA3fDB8MHxwaG90by1wYWdlfHx8fGVufDB8fHx8fA%253D%253D&w=1200&q=75"
    srcset="/_next/image?url=https%3A%2F%2Fimages.unsplash.com%2Fphoto-1741893041975-94a0e8656209%3Fq%3D80%26w%3D1742%26auto%3Dformat%26fit%3Dcrop%26ixlib%3Drb-4.0.3%26ixid%3DM3wxMjA3fDB8MHxwaG90by1wYWdlfHx8fGVufDB8fHx8fA%253D%253D&w=640&q=75 1x, /_next/image?url=https%3A%2F%2Fimages.unsplash.com%2Fphoto-1741893041975-94a0e8656209%3Fq%3D80%26w%3D1742%26auto%3Dformat%26fit%3Dcrop%26ixlib%3Drb-4.0.3%26ixid%3DM3wxMjA3fDB8MHxwaG90by1wYWdlfHx8fGVufDB8fHx8fA%253D%253D&w=1200&q=75 2x"
    style="color: transparent;"
    width="600"
  />
  <div
    class="flex w-full flex-col gap-y-2 bg-[#000000b3] p-6 md:absolute md:bottom-0 md:left-0 md:rounded-br-sm md:rounded-bl-sm md:p-10"
  >
    <h2
      class="text-lg leading-none font-bold text-white md:text-[1.75rem]"
    >
      Banner Title
    </h2>
    <p
      class="[&_strong]:text-primary text-sm leading-none font-normal text-white md:text-lg"
    >
      Lorem ipsum dolor, sit amet consectetur adipisicing elit. Nihil, cum!
    </p>
  </div>
</div>
`;
